// Jest Snapshot v1, https://goo.gl/fbAQLP

exports[`Menu should match the snapshot 1`] = `
<nav>
  <h1>
    What's New?
  </h1>
  <ul>
    <li>
      <button
        className="menu-btn"
        onClick={[Function]}
      >
        <FaMapMarkerAlt />
        Local News
      </button>
    </li>
    <li>
      <button
        className="menu-btn"
        onClick={[Function]}
      >
        <FaLaptop />
        Technology
      </button>
    </li>
    <li>
      <button
        className="menu-btn"
        onClick={[Function]}
      >
        <FaFilm />
        Entertainment
      </button>
    </li>
    <li>
      <button
        className="menu-btn"
        onClick={[Function]}
      >
        <FaFlask />
        Science
      </button>
    </li>
    <li>
      <button
        className="menu-btn"
        onClick={[Function]}
      >
        <FaHeartbeat />
        Health
      </button>
    </li>
  </ul>
</nav>
`;
