// Jest Snapshot v1, https://goo.gl/fbAQLP

exports[`App should match the snapshot 1`] = `
<div
  className="app"
>
  <Menu
    changeNewsType={[Function]}
  />
  <main>
    <SearchForm
      searchNews={[Function]}
    />
    <NewsContainer
      news={Array []}
    />
  </main>
</div>
`;
